// Command mainpkg varies the PACKAGE CLAUSE: package main is a file class of its
// own to anything reasoning about what an importer can reach, and a rule keyed
// on the clause is invisible to a corpus whose packages are all libraries.
package main

// sink accepts anything, spelt the long way.
func sink(v any) { _ = v } // want `prefer any to the empty interface\{\}`

func main() { sink(1) }
