// Package deep sits under a nested directory so the fixture set varies the file
// PATH: a rule keyed on where a file lives is invisible to a corpus whose files
// all sit in one directory.
package deep

// Held stores a value through the empty interface.
type Held struct {
	v any // want `prefer any to the empty interface\{\}`
}
